
Usuario@DESKTOP-JKB2EGQ MINGW64 ~/Documents/Dev/Git/DIO
$ git clone https://github.com/marisaGcarneiro/dio-desafio-github-primeiro-repositorio.git
Cloning into 'dio-desafio-github-primeiro-repositorio'...
remote: Enumerating objects: 6, done.
remote: Counting objects: 100% (6/6), done.
remote: Compressing objects: 100% (4/4), done.
remote: Total 6 (delta 0), reused 0 (delta 0), pack-reused 0
Receiving objects: 100% (6/6), done.

Usuario@DESKTOP-JKB2EGQ MINGW64 ~/Documents/Dev/Git/DIO
$ cd ^C

Usuario@DESKTOP-JKB2EGQ MINGW64 ~/Documents/Dev/Git/DIO
$ cd dio-desafio-github-primeiro-repositorio

Usuario@DESKTOP-JKB2EGQ MINGW64 ~/Documents/Dev/Git/DIO/dio-desafio-github-primeiro-repositorio (main)
$ git status
On branch main
Your branch is up to date with 'origin/main'.

nothing to commit, working tree clean

Usuario@DESKTOP-JKB2EGQ MINGW64 ~/Documents/Dev/Git/DIO/dio-desafio-github-primeiro-repositorio (main)
$ git status
On branch main
Your branch is up to date with 'origin/main'.

Untracked files:
  (use "git add <file>..." to include in what will be committed)
        "Introdu\303\247\303\243o ao Git e GitHub/"

nothing added to commit but untracked files present (use "git add" to track)

Usuario@DESKTOP-JKB2EGQ MINGW64 ~/Documents/Dev/Git/DIO/dio-desafio-github-primeiro-repositorio (main)
$ git add .

Usuario@DESKTOP-JKB2EGQ MINGW64 ~/Documents/Dev/Git/DIO/dio-desafio-github-primeiro-repositorio (main)
$ git status
On branch main
Your branch is up to date with 'origin/main'.

Changes to be committed:
  (use "git restore --staged <file>..." to unstage)
        new file:   "Introdu\303\247\303\243o ao Git e GitHub/Anota\303\247\303\265es.txt"


Usuario@DESKTOP-JKB2EGQ MINGW64 ~/Documents/Dev/Git/DIO/dio-desafio-github-primeiro-repositorio (main)
$ git commit -m "Inclusão das anotações do curso de Git/GitHub"
[main b803955] Inclusão das anotações do curso de Git/GitHub
 1 file changed, 2 insertions(+)
 create mode 100644 "Introdu\303\247\303\243o ao Git e GitHub/Anota\303\247\303\265es.txt"

Usuario@DESKTOP-JKB2EGQ MINGW64 ~/Documents/Dev/Git/DIO/dio-desafio-github-primeiro-repositorio (main)
$ git status
On branch main
Your branch is ahead of 'origin/main' by 1 commit.
  (use "git push" to publish your local commits)

nothing to commit, working tree clean

Usuario@DESKTOP-JKB2EGQ MINGW64 ~/Documents/Dev/Git/DIO/dio-desafio-github-primeiro-repositorio (main)
$ git push origin main
Enumerating objects: 5, done.
Counting objects: 100% (5/5), done.
Delta compression using up to 4 threads
Compressing objects: 100% (3/3), done.
Writing objects: 100% (4/4), 492 bytes | 246.00 KiB/s, done.
Total 4 (delta 0), reused 0 (delta 0), pack-reused 0
To https://github.com/marisaGcarneiro/dio-desafio-github-primeiro-repositorio.git
   0ff18c6..b803955  main -> main

Usuario@DESKTOP-JKB2EGQ MINGW64 ~/Documents/Dev/Git/DIO/dio-desafio-github-primeiro-repositorio (main)
$
